// Jest Snapshot v1, https://goo.gl/fbAQLP

exports[`matches Todo snapshot 1`] = `
<DocumentFragment>
  <div>
    <ul>
      <li>
         
        <button>
          X
        </button>
      </li>
    </ul>
  </div>
</DocumentFragment>
`;
